
> auto-reel-poster@0.1.0 db:local
> node scripts/start-db.mjs

The files belonging to this database system will be owned by user "ibraheem".
This user must also own the server process.


The database cluster will be initialized with this locale configuration:
  locale provider:   libc
  LC_COLLATE:  English_Pakistan.1252
  LC_CTYPE:    English_Pakistan.1252
  LC_MESSAGES: C
  LC_MONETARY: English_Pakistan.1252
  LC_NUMERIC:  English_Pakistan.1252
  LC_TIME:     English_Pakistan.1252

The default database encoding has accordingly been set to "WIN1252".
The default text search configuration will be set to "english".

Data page checksums are enabled.



[STDERR] initdb: error: directory ".pgdata" exists but is not empty
initdb: hint: If you want to create a new database system, either remove or empty the directory ".pgdata" or run initdb with an argument other than ".pgdata".

2026-08-18 19:38:27.742 PKT [10332] LOG:  starting PostgreSQL 18.4 on x86_64-windows, compiled by msvc-19.44.35226, 64-bit

2026-08-18 19:38:27.769 PKT [10332] LOG:  listening on IPv6 address "::1", port 5432

2026-08-18 19:38:27.774 PKT [10332] LOG:  listening on IPv4 address "127.0.0.1", port 5432

2026-08-18 19:38:28.017 PKT [10904] LOG:  database system was interrupted; last known up at 2026-08-18 19:34:19 PKT

2026-08-18 19:38:36.529 PKT [10904] LOG:  database system was not properly shut down; automatic recovery in progress

2026-08-18 19:38:36.540 PKT [10904] LOG:  redo starts at 0/208C728

2026-08-18 19:38:36.544 PKT [10904] LOG:  invalid record length at 0/208DD50: expected at least 24, got 0

2026-08-18 19:38:36.544 PKT [10904] LOG:  redo done at 0/208DD18 system usage: CPU: user: 0.00 s, system: 0.00 s, elapsed: 0.00 s

2026-08-18 19:38:36.568 PKT [1372] LOG:  checkpoint starting: end-of-recovery immediate wait

2026-08-18 19:38:36.599 PKT [1372] LOG:  checkpoint complete: wrote 1 buffers (0.0%), wrote 3 SLRU buffers; 0 WAL file(s) added, 0 removed, 0 recycled; write=0.006 s, sync=0.010 s, total=0.048 s; sync files=3, longest=0.004 s, average=0.004 s; distance=5 kB, estimate=5 kB; lsn=0/208DD50, redo lsn=0/208DD50

2026-08-18 19:38:36.747 PKT [10332] LOG:  database system is ready to accept connections

2026-08-18 19:38:36.953 PKT [11000] ERROR:  database "auto_reel_poster" already exists
2026-08-18 19:38:36.953 PKT [11000] STATEMENT:  CREATE DATABASE "auto_reel_poster"

READY
2026-08-18 19:43:36.611 PKT [1372] LOG:  checkpoint starting: time

2026-08-18 19:43:39.580 PKT [1372] LOG:  checkpoint complete: wrote 24 buffers (0.1%), wrote 1 SLRU buffers; 0 WAL file(s) added, 0 removed, 0 recycled; write=2.631 s, sync=0.153 s, total=2.970 s; sync files=25, longest=0.073 s, average=0.007 s; distance=69 kB, estimate=69 kB; lsn=0/209F4A8, redo lsn=0/209F450

2026-08-18 19:44:02.623 PKT [8152] LOG:  could not receive data from client: An existing connection was forcibly closed by the remote host.
	

2026-08-18 19:48:36.597 PKT [1372] LOG:  checkpoint starting: time

2026-08-18 19:48:39.087 PKT [1372] LOG:  checkpoint complete: wrote 20 buffers (0.1%), wrote 1 SLRU buffers; 0 WAL file(s) added, 0 removed, 0 recycled; write=2.168 s, sync=0.246 s, total=2.490 s; sync files=21, longest=0.179 s, average=0.012 s; distance=59 kB, estimate=68 kB; lsn=0/20AE158, redo lsn=0/20AE100

2026-08-18 19:55:48.678 PKT [11252] LOG:  could not receive data from client: An existing connection was forcibly closed by the remote host.
	

2026-08-18 19:56:20.454 PKT [12308] LOG:  could not receive data from client: An existing connection was forcibly closed by the remote host.
	
2026-08-18 19:56:20.454 PKT [6112] LOG:  could not receive data from client: An existing connection was forcibly closed by the remote host.
	

2026-08-18 19:56:20.455 PKT [1328] LOG:  could not receive data from client: An existing connection was forcibly closed by the remote host.
	

2026-08-18 19:56:20.459 PKT [14276] LOG:  could not receive data from client: An existing connection was forcibly closed by the remote host.
	

2026-08-18 19:58:36.101 PKT [1372] LOG:  checkpoint starting: time

2026-08-18 19:58:43.841 PKT [1372] LOG:  checkpoint complete: wrote 67 buffers (0.4%), wrote 1 SLRU buffers; 0 WAL file(s) added, 0 removed, 0 recycled; write=7.557 s, sync=0.168 s, total=7.741 s; sync files=60, longest=0.031 s, average=0.003 s; distance=324 kB, estimate=324 kB; lsn=0/20FF2B0, redo lsn=0/20FF220

2026-08-18 20:00:29.479 PKT [12160] LOG:  could not receive data from client: An existing connection was forcibly closed by the remote host.
	
2026-08-18 20:00:29.479 PKT [7616] LOG:  could not receive data from client: An existing connection was forcibly closed by the remote host.
	

2026-08-18 20:00:29.482 PKT [4476] LOG:  could not receive data from client: An existing connection was forcibly closed by the remote host.
	

